The following packages should be updated for best compatibility with the installed expo version:
  expo@54.0.33 - expected version: ~54.0.35
  expo-font@14.0.11 - expected version: ~14.0.12
  expo-linking@8.0.11 - expected version: ~8.0.12
  expo-router@6.0.23 - expected version: ~6.0.24
  expo-web-browser@15.0.10 - expected version: ~15.0.11
Your project may not work correctly until you install the expected versions of the packages.
λ  WARN  Route "./config/firebaseConfig.js" is missing the required default export. Ensure a React component is exported as default. 
  console.warn (C:\Users\matte\Desktop\React Native Project\gymfabius\node_modules\expo\node_modules\@expo\cli\src\start\server\serverLogLikeMetro.ts:161:21)
  getDirectoryTree (C:\Users\matte\Desktop\React Native Project\gymfabius\node_modules\expo-router\build\getRoutesCore.js:311:29)
  getRoutes (C:\Users\matte\Desktop\React Native Project\gymfabius\node_modules\expo-router\build\getRoutesCore.js:23:27)
  getRoutes (C:\Users\matte\Desktop\React Native Project\gymfabius\node_modules\expo-router\build\getRoutes.js:20:41)
  useStore (C:\Users\matte\Desktop\React Native Project\gymfabius\node_modules\expo-router\build\global-state\router-store.js:141:48)
  Component (C:\Users\matte\Desktop\React Native Project\gymfabius\node_modules\expo-router\build\ExpoRoot.js:128:46)
  Object.callComponentInDEV [as react-stack-bottom-frame] (C:\Users\matte\Desktop\React Native Project\gymfabius\node_modules\react-dom\cjs\react-dom-server-legacy.node.development.js:8970:18)
  renderWithHooks (C:\Users\matte\Desktop\React Native Project\gymfabius\node_modules\react-dom\cjs\react-dom-server-legacy.node.development.js:4699:19)
  run (C:\Users\matte\Desktop\React Native Project\gymfabius\node_modules\react-dom\cjs\react-dom-server-legacy.node.development.js:5134:23)
  retryNode (C:\Users\matte\Desktop\React Native Project\gymfabius\node_modules\react-dom\cjs\react-dom-server-legacy.node.development.js:5899:31)
λ  WARN  Route "./config/firebaseConfig.js" is missing the required default export. Ensure a React component is exported as default. 
  console.warn (C:\Users\matte\Desktop\React Native Project\gymfabius\node_modules\expo\node_modules\@expo\cli\src\start\server\serverLogLikeMetro.ts:161:21)
  getDirectoryTree (C:\Users\matte\Desktop\React Native Project\gymfabius\node_modules\expo-router\build\getRoutesCore.js:311:29)
  getRoutes (C:\Users\matte\Desktop\React Native Project\gymfabius\node_modules\expo-router\build\getRoutesCore.js:23:27)
  getRoutes (C:\Users\matte\Desktop\React Native Project\gymfabius\node_modules\expo-router\build\getRoutes.js:20:41)
  useStore (C:\Users\matte\Desktop\React Native Project\gymfabius\node_modules\expo-router\build\global-state\router-store.js:141:48)
  Component (C:\Users\matte\Desktop\React Native Project\gymfabius\node_modules\expo-router\build\ExpoRoot.js:128:46)
  Object.callComponentInDEV [as react-stack-bottom-frame] (C:\Users\matte\Desktop\React Native Project\gymfabius\node_modules\react-dom\cjs\react-dom-server-legacy.node.development.js:8970:18)
  renderWithHooks (C:\Users\matte\Desktop\React Native Project\gymfabius\node_modules\react-dom\cjs\react-dom-server-legacy.node.development.js:4699:19)
  run (C:\Users\matte\Desktop\React Native Project\gymfabius\node_modules\react-dom\cjs\react-dom-server-legacy.node.development.js:5134:23)
  retryNode (C:\Users\matte\Desktop\React Native Project\gymfabius\node_modules\react-dom\cjs\react-dom-server-legacy.node.development.js:5899:31)
λ  WARN  Route "./config/firebaseConfig.js" is missing the required default export. Ensure a React component is exported as default. 
  console.warn (C:\Users\matte\Desktop\React Native Project\gymfabius\node_modules\expo\node_modules\@expo\cli\src\start\server\serverLogLikeMetro.ts:161:21)
  getDirectoryTree (C:\Users\matte\Desktop\React Native Project\gymfabius\node_modules\expo-router\build\getRoutesCore.js:311:29)
  getRoutes (C:\Users\matte\Desktop\React Native Project\gymfabius\node_modules\expo-router\build\getRoutesCore.js:23:27)
  getRoutes (C:\Users\matte\Desktop\React Native Project\gymfabius\node_modules\expo-router\build\getRoutes.js:20:41)
  useStore (C:\Users\matte\Desktop\React Native Project\gymfabius\node_modules\expo-router\build\global-state\router-store.js:141:48)
  Component (C:\Users\matte\Desktop\React Native Project\gymfabius\node_modules\expo-router\build\ExpoRoot.js:128:46)
  Object.callComponentInDEV [as react-stack-bottom-frame] (C:\Users\matte\Desktop\React Native Project\gymfabius\node_modules\react-dom\cjs\react-dom-server-legacy.node.development.js:8970:18)
  renderWithHooks (C:\Users\matte\Desktop\React Native Project\gymfabius\node_modules\react-dom\cjs\react-dom-server-legacy.node.development.js:4699:19)
  run (C:\Users\matte\Desktop\React Native Project\gymfabius\node_modules\react-dom\cjs\react-dom-server-legacy.node.development.js:5134:23)
  retryNode (C:\Users\matte\Desktop\React Native Project\gymfabius\node_modules\react-dom\cjs\react-dom-server-legacy.node.development.js:5899:31)
λ  WARN  Route "./config/firebaseConfig.js" is missing the required default export. Ensure a React component is exported as default. 
  console.warn (C:\Users\matte\Desktop\React Native Project\gymfabius\node_modules\expo\node_modules\@expo\cli\src\start\server\serverLogLikeMetro.ts:161:21)
  getDirectoryTree (C:\Users\matte\Desktop\React Native Project\gymfabius\node_modules\expo-router\build\getRoutesCore.js:311:29)
  getRoutes (C:\Users\matte\Desktop\React Native Project\gymfabius\node_modules\expo-router\build\getRoutesCore.js:23:27)
  getRoutes (C:\Users\matte\Desktop\React Native Project\gymfabius\node_modules\expo-router\build\getRoutes.js:20:41)
  useStore (C:\Users\matte\Desktop\React Native Project\gymfabius\node_modules\expo-router\build\global-state\router-store.js:141:48)
  Component (C:\Users\matte\Desktop\React Native Project\gymfabius\node_modules\expo-router\build\ExpoRoot.js:128:46)
  Object.callComponentInDEV [as react-stack-bottom-frame] (C:\Users\matte\Desktop\React Native Project\gymfabius\node_modules\react-dom\cjs\react-dom-server-legacy.node.development.js:8970:18)
  renderWithHooks (C:\Users\matte\Desktop\React Native Project\gymfabius\node_modules\react-dom\cjs\react-dom-server-legacy.node.development.js:4699:19)
  run (C:\Users\matte\Desktop\React Native Project\gymfabius\node_modules\react-dom\cjs\react-dom-server-legacy.node.development.js:5134:23)
  retryNode (C:\Users\matte\Desktop\React Native Project\gymfabius\node_modules\react-dom\cjs\react-dom-server-legacy.node.development.js:5899:31)
λ  WARN  Route "./config/firebaseConfig.js" is missing the required default export. Ensure a React component is exported as default. 
  console.warn (C:\Users\matte\Desktop\React Native Project\gymfabius\node_modules\expo\node_modules\@expo\cli\src\start\server\serverLogLikeMetro.ts:161:21)
  getDirectoryTree (C:\Users\matte\Desktop\React Native Project\gymfabius\node_modules\expo-router\build\getRoutesCore.js:311:29)
  getRoutes (C:\Users\matte\Desktop\React Native Project\gymfabius\node_modules\expo-router\build\getRoutesCore.js:23:27)
  getRoutes (C:\Users\matte\Desktop\React Native Project\gymfabius\node_modules\expo-router\build\getRoutes.js:20:41)
  useStore (C:\Users\matte\Desktop\React Native Project\gymfabius\node_modules\expo-router\build\global-state\router-store.js:141:48)
  Component (C:\Users\matte\Desktop\React Native Project\gymfabius\node_modules\expo-router\build\ExpoRoot.js:128:46)
  Object.callComponentInDEV [as react-stack-bottom-frame] (C:\Users\matte\Desktop\React Native Project\gymfabius\node_modules\react-dom\cjs\react-dom-server-legacy.node.development.js:8970:18)
  renderWithHooks (C:\Users\matte\Desktop\React Native Project\gymfabius\node_modules\react-dom\cjs\react-dom-server-legacy.node.development.js:4699:19)
  run (C:\Users\matte\Desktop\React Native Project\gymfabius\node_modules\react-dom\cjs\react-dom-server-legacy.node.development.js:5134:23)
  retryNode (C:\Users\matte\Desktop\React Native Project\gymfabius\node_modules\react-dom\cjs\react-dom-server-legacy.node.development.js:5899:31)
λ  WARN  Route "./config/firebaseConfig.js" is missing the required default export. Ensure a React component is exported as default. 
  console.warn (C:\Users\matte\Desktop\React Native Project\gymfabius\node_modules\expo\node_modules\@expo\cli\src\start\server\serverLogLikeMetro.ts:161:21)
  getDirectoryTree (C:\Users\matte\Desktop\React Native Project\gymfabius\node_modules\expo-router\build\getRoutesCore.js:311:29)
  getRoutes (C:\Users\matte\Desktop\React Native Project\gymfabius\node_modules\expo-router\build\getRoutesCore.js:23:27)
  getRoutes (C:\Users\matte\Desktop\React Native Project\gymfabius\node_modules\expo-router\build\getRoutes.js:20:41)
  useStore (C:\Users\matte\Desktop\React Native Project\gymfabius\node_modules\expo-router\build\global-state\router-store.js:141:48)
  Component (C:\Users\matte\Desktop\React Native Project\gymfabius\node_modules\expo-router\build\ExpoRoot.js:128:46)
  Object.callComponentInDEV [as react-stack-bottom-frame] (C:\Users\matte\Desktop\React Native Project\gymfabius\node_modules\react-dom\cjs\react-dom-server-legacy.node.development.js:8970:18)
  renderWithHooks (C:\Users\matte\Desktop\React Native Project\gymfabius\node_modules\react-dom\cjs\react-dom-server-legacy.node.development.js:4699:19)
  run (C:\Users\matte\Desktop\React Native Project\gymfabius\node_modules\react-dom\cjs\react-dom-server-legacy.node.development.js:5134:23)
  retryNode (C:\Users\matte\Desktop\React Native Project\gymfabius\node_modules\react-dom\cjs\react-dom-server-legacy.node.development.js:5899:31)
λ  WARN  Route "./config/firebaseConfig.js" is missing the required default export. Ensure a React component is exported as default. 
  console.warn (C:\Users\matte\Desktop\React Native Project\gymfabius\node_modules\expo\node_modules\@expo\cli\src\start\server\serverLogLikeMetro.ts:161:21)
  getDirectoryTree (C:\Users\matte\Desktop\React Native Project\gymfabius\node_modules\expo-router\build\getRoutesCore.js:311:29)
  getRoutes (C:\Users\matte\Desktop\React Native Project\gymfabius\node_modules\expo-router\build\getRoutesCore.js:23:27)
  getRoutes (C:\Users\matte\Desktop\React Native Project\gymfabius\node_modules\expo-router\build\getRoutes.js:20:41)
  useStore (C:\Users\matte\Desktop\React Native Project\gymfabius\node_modules\expo-router\build\global-state\router-store.js:141:48)
  Component (C:\Users\matte\Desktop\React Native Project\gymfabius\node_modules\expo-router\build\ExpoRoot.js:128:46)
  Object.callComponentInDEV [as react-stack-bottom-frame] (C:\Users\matte\Desktop\React Native Project\gymfabius\node_modules\react-dom\cjs\react-dom-server-legacy.node.development.js:8970:18)
  renderWithHooks (C:\Users\matte\Desktop\React Native Project\gymfabius\node_modules\react-dom\cjs\react-dom-server-legacy.node.development.js:4699:19)
  run (C:\Users\matte\Desktop\React Native Project\gymfabius\node_modules\react-dom\cjs\react-dom-server-legacy.node.development.js:5134:23)
  retryNode (C:\Users\matte\Desktop\React Native Project\gymfabius\node_modules\react-dom\cjs\react-dom-server-legacy.node.development.js:5899:31)
